This is pdfTeX, Version 3.141592653-2.6-1.40.29 (TeX Live 2026/Debian) (preloaded format=pdflatex 2026.5.11)  21 MAY 2026 14:32
entering extended mode
 restricted \write18 enabled.
 %&-line parsing enabled.
**report.tex
(./report.tex
LaTeX2e <2025-11-01>
L3 programming layer <2026-01-19>
(/usr/share/texlive/texmf-dist/tex/latex/base/report.cls
Document Class: report 2025/01/22 v1.4n Standard LaTeX document class
(/usr/share/texlive/texmf-dist/tex/latex/base/size12.clo
File: size12.clo 2025/01/22 v1.4n Standard LaTeX file (size option)
)
\c@part=\count275
\c@chapter=\count276
\c@section=\count277
\c@subsection=\count278
\c@subsubsection=\count279
\c@paragraph=\count280
\c@subparagraph=\count281
\c@figure=\count282
\c@table=\count283
\abovecaptionskip=\skip49
\belowcaptionskip=\skip50
\bibindent=\dimen148
)
(/usr/share/texlive/texmf-dist/tex/latex/geometry/geometry.sty
Package: geometry 2020/01/02 v5.9 Page Geometry

(/usr/share/texlive/texmf-dist/tex/latex/graphics/keyval.sty
Package: keyval 2022/05/29 v1.15 key=value parser (DPC)
\KV@toks@=\toks17
)
(/usr/share/texlive/texmf-dist/tex/generic/iftex/ifvtex.sty
Package: ifvtex 2019/10/25 v1.7 ifvtex legacy package. Use iftex instead.

(/usr/share/texlive/texmf-dist/tex/generic/iftex/iftex.sty
Package: iftex 2024/12/12 v1.0g TeX engine tests
))
\Gm@cnth=\count284
\Gm@cntv=\count285
\c@Gm@tempcnt=\count286
\Gm@bindingoffset=\dimen149
\Gm@wd@mp=\dimen150
\Gm@odd@mp=\dimen151
\Gm@even@mp=\dimen152
\Gm@layoutwidth=\dimen153
\Gm@layoutheight=\dimen154
\Gm@layouthoffset=\dimen155
\Gm@layoutvoffset=\dimen156
\Gm@dimlist=\toks18
)
(/usr/share/texlive/texmf-dist/tex/latex/psnfss/times.sty
Package: times 2020/03/25 PSNFSS-v9.3 (SPQR) 
)
(/usr/share/texlive/texmf-dist/tex/latex/setspace/setspace.sty
Package: setspace 2022/12/04 v6.7b set line spacing
)
(/usr/share/texlive/texmf-dist/tex/latex/titlesec/titlesec.sty
Package: titlesec 2025/01/04 v2.17 Sectioning titles
\ttl@box=\box53
\beforetitleunit=\skip51
\aftertitleunit=\skip52
\ttl@plus=\dimen157
\ttl@minus=\dimen158
\ttl@toksa=\toks19
\titlewidth=\dimen159
\titlewidthlast=\dimen160
\titlewidthfirst=\dimen161
)
(/usr/share/texlive/texmf-dist/tex/latex/etoolbox/etoolbox.sty
Package: etoolbox 2025/10/02 v2.5m e-TeX tools for LaTeX (JAW)
\etb@tempcnta=\count287
)
(/usr/share/texlive/texmf-dist/tex/latex/fancyhdr/fancyhdr.sty
Package: fancyhdr 2025/02/07 v5.2 Extensive control of page headers and footers

\f@nch@headwidth=\skip53
\f@nch@offset@elh=\skip54
\f@nch@offset@erh=\skip55
\f@nch@offset@olh=\skip56
\f@nch@offset@orh=\skip57
\f@nch@offset@elf=\skip58
\f@nch@offset@erf=\skip59
\f@nch@offset@olf=\skip60
\f@nch@offset@orf=\skip61
\f@nch@height=\skip62
\f@nch@footalignment=\skip63
\f@nch@widthL=\skip64
\f@nch@widthC=\skip65
\f@nch@widthR=\skip66
\@temptokenb=\toks20
)
(/usr/share/texlive/texmf-dist/tex/latex/graphics/graphicx.sty
Package: graphicx 2024/12/31 v1.2e Enhanced LaTeX Graphics (DPC,SPQR)

(/usr/share/texlive/texmf-dist/tex/latex/graphics/graphics.sty
Package: graphics 2024/08/06 v1.4g Standard LaTeX Graphics (DPC,SPQR)

(/usr/share/texlive/texmf-dist/tex/latex/graphics/trig.sty
Package: trig 2023/12/02 v1.11 sin cos tan (DPC)
)
(/usr/share/texlive/texmf-dist/tex/latex/graphics-cfg/graphics.cfg
File: graphics.cfg 2016/06/04 v1.11 sample graphics configuration
)
Package graphics Info: Driver file: pdftex.def on input line 106.

(/usr/share/texlive/texmf-dist/tex/latex/graphics-def/pdftex.def
File: pdftex.def 2025/09/29 v1.2d Graphics/color driver for pdftex
))
\Gin@req@height=\dimen162
\Gin@req@width=\dimen163
)
(/usr/share/texlive/texmf-dist/tex/latex/booktabs/booktabs.sty
Package: booktabs 2020/01/12 v1.61803398 Publication quality tables
\heavyrulewidth=\dimen164
\lightrulewidth=\dimen165
\cmidrulewidth=\dimen166
\belowrulesep=\dimen167
\belowbottomsep=\dimen168
\aboverulesep=\dimen169
\abovetopsep=\dimen170
\cmidrulesep=\dimen171
\cmidrulekern=\dimen172
\defaultaddspace=\dimen173
\@cmidla=\count288
\@cmidlb=\count289
\@aboverulesep=\dimen174
\@belowrulesep=\dimen175
\@thisruleclass=\count290
\@lastruleclass=\count291
\@thisrulewidth=\dimen176
)
(/usr/share/texlive/texmf-dist/tex/latex/tools/array.sty
Package: array 2025/09/25 v2.6n Tabular extension package (FMi)
\col@sep=\dimen177
\ar@mcellbox=\box54
\extrarowheight=\dimen178
\NC@list=\toks21
\extratabsurround=\skip67
\backup@length=\skip68
\ar@cellbox=\box55
)
(/usr/share/texlive/texmf-dist/tex/latex/tools/longtable.sty
Package: longtable 2025-10-13 v4.24 Multi-page Table package (DPC)
\LTleft=\skip69
\LTright=\skip70
\LTpre=\skip71
\LTpost=\skip72
\LTchunksize=\count292
\LTcapwidth=\dimen179
\LT@head=\box56
\LT@firsthead=\box57
\LT@foot=\box58
\LT@lastfoot=\box59
\LT@gbox=\box60
\LT@cols=\count293
\LT@rows=\count294
\c@LT@tables=\count295
\c@LT@chunks=\count296
\LT@p@ftn=\toks22
)
(/usr/share/texlive/texmf-dist/tex/latex/caption/caption.sty
Package: caption 2023/08/05 v3.6o Customizing captions (AR)

(/usr/share/texlive/texmf-dist/tex/latex/caption/caption3.sty
Package: caption3 2023/07/31 v2.4d caption3 kernel (AR)
\caption@tempdima=\dimen180
\captionmargin=\dimen181
\caption@leftmargin=\dimen182
\caption@rightmargin=\dimen183
\caption@width=\dimen184
\caption@indent=\dimen185
\caption@parindent=\dimen186
\caption@hangindent=\dimen187
Package caption Info: Standard document class detected.
)
\c@caption@flags=\count297
\c@continuedfloat=\count298
Package caption Info: longtable package is loaded.

(/usr/share/texlive/texmf-dist/tex/latex/caption/ltcaption.sty
Package: ltcaption 2021/01/08 v1.4c longtable captions (AR)
))
(/usr/share/texlive/texmf-dist/tex/latex/enumitem/enumitem.sty
Package: enumitem 2025/02/06 v3.11 Customized lists
\labelindent=\skip73
\enit@outerparindent=\dimen188
\enit@toks=\toks23
\enit@inbox=\box61
\enit@count@id=\count299
\enitdp@description=\count300
)
(/usr/share/texlive/texmf-dist/tex/latex/microtype/microtype.sty
Package: microtype 2025/07/09 v3.2b Micro-typographical refinements (RS)
\MT@toks=\toks24
\MT@tempbox=\box62
\MT@count=\count301
LaTeX Info: Redefining \noprotrusionifhmode on input line 1087.
LaTeX Info: Redefining \leftprotrusion on input line 1088.
\MT@prot@toks=\toks25
LaTeX Info: Redefining \rightprotrusion on input line 1107.
LaTeX Info: Redefining \textls on input line 1449.
\MT@outer@kern=\dimen189
LaTeX Info: Redefining \microtypecontext on input line 2053.
LaTeX Info: Redefining \textmicrotypecontext on input line 2070.
\MT@listname@count=\count302

(/usr/share/texlive/texmf-dist/tex/latex/microtype/microtype-pdftex.def
File: microtype-pdftex.def 2025/07/09 v3.2b Definitions specific to pdftex (RS)

LaTeX Info: Redefining \lsstyle on input line 944.
LaTeX Info: Redefining \lslig on input line 944.
\MT@outer@space=\skip74
)
Package microtype Info: Loading configuration file microtype.cfg.

(/usr/share/texlive/texmf-dist/tex/latex/microtype/microtype.cfg
File: microtype.cfg 2025/07/09 v3.2b microtype main configuration file (RS)
)
LaTeX Info: Redefining \microtypesetup on input line 3065.
)
(/usr/share/texlive/texmf-dist/tex/latex/xcolor/xcolor.sty
Package: xcolor 2024/09/29 v3.02 LaTeX color extensions (UK)

(/usr/share/texlive/texmf-dist/tex/latex/graphics-cfg/color.cfg
File: color.cfg 2016/01/02 v1.6 sample color configuration
)
Package xcolor Info: Driver file: pdftex.def on input line 274.

(/usr/share/texlive/texmf-dist/tex/latex/graphics/mathcolor.ltx)
Package xcolor Info: Model `cmy' substituted by `cmy0' on input line 1349.
Package xcolor Info: Model `hsb' substituted by `rgb' on input line 1353.
Package xcolor Info: Model `RGB' extended on input line 1365.
Package xcolor Info: Model `HTML' substituted by `rgb' on input line 1367.
Package xcolor Info: Model `Hsb' substituted by `hsb' on input line 1368.
Package xcolor Info: Model `tHsb' substituted by `hsb' on input line 1369.
Package xcolor Info: Model `HSB' substituted by `hsb' on input line 1370.
Package xcolor Info: Model `Gray' substituted by `gray' on input line 1371.
Package xcolor Info: Model `wave' substituted by `hsb' on input line 1372.
)
(/usr/share/texlive/texmf-dist/tex/latex/listings/listings.sty
\lst@mode=\count303
\lst@gtempboxa=\box63
\lst@token=\toks26
\lst@length=\count304
\lst@currlwidth=\dimen190
\lst@column=\count305
\lst@pos=\count306
\lst@lostspace=\dimen191
\lst@width=\dimen192
\lst@newlines=\count307
\lst@lineno=\count308
\lst@maxwidth=\dimen193

(/usr/share/texlive/texmf-dist/tex/latex/listings/lstpatch.sty
File: lstpatch.sty 2025/11/14 1.11b (Carsten Heinz)
)
(/usr/share/texlive/texmf-dist/tex/latex/listings/lstmisc.sty
File: lstmisc.sty 2025/11/14 1.11b (Carsten Heinz)
\c@lstnumber=\count309
\lst@skipnumbers=\count310
\lst@framebox=\box64
)
(/usr/share/texlive/texmf-dist/tex/latex/listings/listings.cfg
File: listings.cfg 2025/11/14 1.11b listings configuration
))
Package: listings 2025/11/14 1.11b (Carsten Heinz)

==> First Aid for listings.sty no longer applied!
    Expected:
        2024/09/23 1.10c (Carsten Heinz)
    but found:
        2025/11/14 1.11b (Carsten Heinz)
    so I'm assuming it got fixed.
(/usr/share/texlive/texmf-dist/tex/latex/amsmath/amsmath.sty
Package: amsmath 2025/07/09 v2.17z AMS math features
\@mathmargin=\skip75

For additional information on amsmath, use the `?' option.
(/usr/share/texlive/texmf-dist/tex/latex/amsmath/amstext.sty
Package: amstext 2024/11/17 v2.01 AMS text

(/usr/share/texlive/texmf-dist/tex/latex/amsmath/amsgen.sty
File: amsgen.sty 1999/11/30 v2.0 generic functions
\@emptytoks=\toks27
\ex@=\dimen194
))
(/usr/share/texlive/texmf-dist/tex/latex/amsmath/amsbsy.sty
Package: amsbsy 1999/11/29 v1.2d Bold Symbols
\pmbraise@=\dimen195
)
(/usr/share/texlive/texmf-dist/tex/latex/amsmath/amsopn.sty
Package: amsopn 2022/04/08 v2.04 operator names
)
\inf@bad=\count311
LaTeX Info: Redefining \frac on input line 233.
\uproot@=\count312
\leftroot@=\count313
LaTeX Info: Redefining \overline on input line 398.
LaTeX Info: Redefining \colon on input line 409.
\classnum@=\count314
\DOTSCASE@=\count315
LaTeX Info: Redefining \ldots on input line 495.
LaTeX Info: Redefining \dots on input line 498.
LaTeX Info: Redefining \cdots on input line 619.
\Mathstrutbox@=\box65
\strutbox@=\box66
LaTeX Info: Redefining \big on input line 721.
LaTeX Info: Redefining \Big on input line 722.
LaTeX Info: Redefining \bigg on input line 723.
LaTeX Info: Redefining \Bigg on input line 724.
\big@size=\dimen196
LaTeX Font Info:    Redeclaring font encoding OML on input line 742.
LaTeX Font Info:    Redeclaring font encoding OMS on input line 743.
\macc@depth=\count316
LaTeX Info: Redefining \bmod on input line 904.
LaTeX Info: Redefining \pmod on input line 909.
LaTeX Info: Redefining \smash on input line 939.
LaTeX Info: Redefining \relbar on input line 969.
LaTeX Info: Redefining \Relbar on input line 970.
\c@MaxMatrixCols=\count317
\dotsspace@=\muskip17
\c@parentequation=\count318
\dspbrk@lvl=\count319
\tag@help=\toks28
\row@=\count320
\column@=\count321
\maxfields@=\count322
\andhelp@=\toks29
\eqnshift@=\dimen197
\alignsep@=\dimen198
\tagshift@=\dimen199
\tagwidth@=\dimen256
\totwidth@=\dimen257
\lineht@=\dimen258
\@envbody=\toks30
\multlinegap=\skip76
\multlinetaggap=\skip77
\mathdisplay@stack=\toks31
LaTeX Info: Redefining \[ on input line 2950.
LaTeX Info: Redefining \] on input line 2951.
)
(/usr/share/texlive/texmf-dist/tex/latex/multirow/multirow.sty
Package: multirow 2024/11/12 v2.9 Span multiple rows of a table
\multirow@colwidth=\skip78
\multirow@cntb=\count323
\multirow@dima=\skip79
\bigstrutjot=\dimen259
)
(/usr/share/texlive/texmf-dist/tex/latex/float/float.sty
Package: float 2001/11/08 v1.3d Float enhancements (AL)
\c@float@type=\count324
\float@exts=\toks32
\float@box=\box67
\@float@everytoks=\toks33
\@floatcapt=\box68
)
(/usr/share/texlive/texmf-dist/tex/latex/placeins/placeins.sty
Package: placeins 2005/04/18  v 2.2
)
(/usr/share/texlive/texmf-dist/tex/latex/pdfpages/pdfpages.sty
Package: pdfpages 2025/07/23 v0.6g Insert pages of external PDF documents (AM)

(/usr/share/texlive/texmf-dist/tex/latex/base/ifthen.sty
Package: ifthen 2024/03/16 v1.1e Standard LaTeX ifthen package (DPC)
)
(/usr/share/texlive/texmf-dist/tex/latex/tools/calc.sty
Package: calc 2025/03/01 v4.3b Infix arithmetic (KKT,FJ)
\calc@Acount=\count325
\calc@Bcount=\count326
\calc@Adimen=\dimen260
\calc@Bdimen=\dimen261
\calc@Askip=\skip80
\calc@Bskip=\skip81
LaTeX Info: Redefining \setlength on input line 86.
LaTeX Info: Redefining \addtolength on input line 87.
\calc@Ccount=\count327
\calc@Cskip=\skip82
)
(/usr/share/texlive/texmf-dist/tex/latex/eso-pic/eso-pic.sty
Package: eso-pic 2025/12/10 v3.0d eso-pic (RN)
\ESO@tempdima=\dimen262
\ESO@tempdimb=\dimen263
)
\AM@pagewidth=\dimen264
\AM@pageheight=\dimen265
\AM@fboxrule=\dimen266

(/usr/share/texlive/texmf-dist/tex/latex/pdfpages/pppdftex.def
File: pppdftex.def 2025/07/23 v0.6g Pdfpages driver for pdfTeX (AM)
)
\pdfpages@includegraphics@status=\count328
\AM@pagebox=\box69
\AM@global@opts=\toks34
\AM@pagecnt=\count329
\AM@toc@title=\toks35
\AM@lof@heading=\toks36
\c@AM@survey=\count330
\AM@templatesizebox=\box70
)
(/usr/share/texlive/texmf-dist/tex/latex/tocloft/tocloft.sty
Package: tocloft 2017/08/31 v2.3i parameterised ToC, etc., typesetting
Package tocloft Info: The document has chapter divisions on input line 51.
\cftparskip=\skip83
\cftbeforetoctitleskip=\skip84
\cftaftertoctitleskip=\skip85
\cftbeforepartskip=\skip86
\cftpartnumwidth=\skip87
\cftpartindent=\skip88
\cftbeforechapskip=\skip89
\cftchapindent=\skip90
\cftchapnumwidth=\skip91
\cftbeforesecskip=\skip92
\cftsecindent=\skip93
\cftsecnumwidth=\skip94
\cftbeforesubsecskip=\skip95
\cftsubsecindent=\skip96
\cftsubsecnumwidth=\skip97
\cftbeforesubsubsecskip=\skip98
\cftsubsubsecindent=\skip99
\cftsubsubsecnumwidth=\skip100
\cftbeforeparaskip=\skip101
\cftparaindent=\skip102
\cftparanumwidth=\skip103
\cftbeforesubparaskip=\skip104
\cftsubparaindent=\skip105
\cftsubparanumwidth=\skip106
\cftbeforeloftitleskip=\skip107
\cftafterloftitleskip=\skip108
\cftbeforefigskip=\skip109
\cftfigindent=\skip110
\cftfignumwidth=\skip111
\c@lofdepth=\count331
\c@lotdepth=\count332
\cftbeforelottitleskip=\skip112
\cftafterlottitleskip=\skip113
\cftbeforetabskip=\skip114
\cfttabindent=\skip115
\cfttabnumwidth=\skip116
)
(/usr/share/texlive/texmf-dist/tex/latex/adjustbox/adjustbox.sty
Package: adjustbox 2025/02/26 v1.3c Adjusting TeX boxes (trim, clip, ...)

(/usr/share/texlive/texmf-dist/tex/latex/xkeyval/xkeyval.sty
Package: xkeyval 2025/11/04 v2.10 package option processing (HA)

(/usr/share/texlive/texmf-dist/tex/generic/xkeyval/xkeyval.tex
(/usr/share/texlive/texmf-dist/tex/generic/xkeyval/xkvutils.tex
\XKV@toks=\toks37
\XKV@tempa@toks=\toks38
\XKV@tempb@toks=\toks39
)
\XKV@depth=\count333
File: xkeyval.tex 2014/12/03 v2.7a key=value parser (HA)
))
(/usr/share/texlive/texmf-dist/tex/latex/adjustbox/adjcalc.sty
Package: adjcalc 2012/05/16 v1.1 Provides advanced setlength with multiple back
-ends (calc, etex, pgfmath)
)
(/usr/share/texlive/texmf-dist/tex/latex/adjustbox/trimclip.sty
Package: trimclip 2025/02/21 v1.2a Trim and clip general TeX material

(/usr/share/texlive/texmf-dist/tex/latex/collectbox/collectbox.sty
Package: collectbox 2022/10/17 v0.4c Collect macro arguments as boxes
\collectedbox=\box71
)
\tc@llx=\dimen267
\tc@lly=\dimen268
\tc@urx=\dimen269
\tc@ury=\dimen270
Package trimclip Info: Using driver 'tc-pdftex.def'.

(/usr/share/texlive/texmf-dist/tex/latex/adjustbox/tc-pdftex.def
File: tc-pdftex.def 2025/02/26 v2.3 Clipping driver for pdftex
))
\adjbox@Width=\dimen271
\adjbox@Height=\dimen272
\adjbox@Depth=\dimen273
\adjbox@Totalheight=\dimen274
\adjbox@pwidth=\dimen275
\adjbox@pheight=\dimen276
\adjbox@pdepth=\dimen277
\adjbox@ptotalheight=\dimen278

(/usr/share/texlive/texmf-dist/tex/latex/ifoddpage/ifoddpage.sty
Package: ifoddpage 2022/10/18 v1.2 Conditionals for odd/even page detection
\c@checkoddpage=\count334
)
(/usr/share/texlive/texmf-dist/tex/latex/varwidth/varwidth.sty
Package: varwidth 2009/03/30 ver 0.92;  Variable-width minipages
\@vwid@box=\box72
\sift@deathcycles=\count335
\@vwid@loff=\dimen279
\@vwid@roff=\dimen280
)
==> First Aid for varwidth.sty applied!
) (/usr/share/texlive/texmf-dist/tex/latex/needspace/needspace.sty
Package: needspace 2025/03/13 v1.3e reserve vertical space
)
(/usr/share/texlive/texmf-dist/tex/latex/tools/tabularx.sty
Package: tabularx 2023/12/11 v2.12a `tabularx' package (DPC)
\TX@col@width=\dimen281
\TX@old@table=\dimen282
\TX@old@col=\dimen283
\TX@target=\dimen284
\TX@delta=\dimen285
\TX@cols=\count336
\TX@ftn=\toks40
)
(/usr/share/texlive/texmf-dist/tex/latex/hyperref/hyperref.sty
Package: hyperref 2025-07-12 v7.01o Hypertext links for LaTeX

(/usr/share/texlive/texmf-dist/tex/latex/kvsetkeys/kvsetkeys.sty
Package: kvsetkeys 2022-10-05 v1.19 Key value parser (HO)
)
(/usr/share/texlive/texmf-dist/tex/generic/kvdefinekeys/kvdefinekeys.sty
Package: kvdefinekeys 2019-12-19 v1.6 Define keys (HO)
)
(/usr/share/texlive/texmf-dist/tex/generic/pdfescape/pdfescape.sty
Package: pdfescape 2019/12/09 v1.15 Implements pdfTeX's escape features (HO)

(/usr/share/texlive/texmf-dist/tex/generic/ltxcmds/ltxcmds.sty
Package: ltxcmds 2023-12-04 v1.26 LaTeX kernel commands for general use (HO)
)
(/usr/share/texlive/texmf-dist/tex/generic/pdftexcmds/pdftexcmds.sty
Package: pdftexcmds 2020-06-27 v0.33 Utility functions of pdfTeX for LuaTeX (HO
)

(/usr/share/texlive/texmf-dist/tex/generic/infwarerr/infwarerr.sty
Package: infwarerr 2019/12/03 v1.5 Providing info/warning/error messages (HO)
)
Package pdftexcmds Info: \pdf@primitive is available.
Package pdftexcmds Info: \pdf@ifprimitive is available.
Package pdftexcmds Info: \pdfdraftmode found.
))
(/usr/share/texlive/texmf-dist/tex/latex/hycolor/hycolor.sty
Package: hycolor 2020-01-27 v1.10 Color options for hyperref/bookmark (HO)
)
(/usr/share/texlive/texmf-dist/tex/latex/hyperref/nameref.sty
Package: nameref 2025-06-21 v2.57 Cross-referencing by name of section

(/usr/share/texlive/texmf-dist/tex/latex/refcount/refcount.sty
Package: refcount 2019/12/15 v3.6 Data extraction from label references (HO)
)
(/usr/share/texlive/texmf-dist/tex/generic/gettitlestring/gettitlestring.sty
Package: gettitlestring 2019/12/15 v1.6 Cleanup title references (HO)

(/usr/share/texlive/texmf-dist/tex/latex/kvoptions/kvoptions.sty
Package: kvoptions 2022-06-15 v3.15 Key value format for package options (HO)
))
\c@section@level=\count337
)
(/usr/share/texlive/texmf-dist/tex/generic/stringenc/stringenc.sty
Package: stringenc 2019/11/29 v1.12 Convert strings between diff. encodings (HO
)
)
\@linkdim=\dimen286
\Hy@linkcounter=\count338
\Hy@pagecounter=\count339

(/usr/share/texlive/texmf-dist/tex/latex/hyperref/pd1enc.def
File: pd1enc.def 2025-07-12 v7.01o Hyperref: PDFDocEncoding definition (HO)
Now handling font encoding PD1 ...
... no UTF-8 mapping file for font encoding PD1
)
(/usr/share/texlive/texmf-dist/tex/generic/intcalc/intcalc.sty
Package: intcalc 2019/12/15 v1.3 Expandable calculations with integers (HO)
)
\Hy@SavedSpaceFactor=\count340

(/usr/share/texlive/texmf-dist/tex/latex/hyperref/puenc.def
File: puenc.def 2025-07-12 v7.01o Hyperref: PDF Unicode definition (HO)
Now handling font encoding PU ...
... no UTF-8 mapping file for font encoding PU
)
Package hyperref Info: Hyper figures OFF on input line 4195.
Package hyperref Info: Link nesting OFF on input line 4200.
Package hyperref Info: Hyper index ON on input line 4203.
Package hyperref Info: Plain pages OFF on input line 4210.
Package hyperref Info: Backreferencing OFF on input line 4215.
Package hyperref Info: Implicit mode ON; LaTeX internals redefined.
Package hyperref Info: Bookmarks ON on input line 4462.
\c@Hy@tempcnt=\count341

(/usr/share/texlive/texmf-dist/tex/latex/url/url.sty
\Urlmuskip=\muskip18
Package: url 2013/09/16  ver 3.4  Verb mode for urls, etc.
)
LaTeX Info: Redefining \url on input line 4801.
\XeTeXLinkMargin=\dimen287

(/usr/share/texlive/texmf-dist/tex/generic/bitset/bitset.sty
Package: bitset 2019/12/09 v1.3 Handle bit-vector datatype (HO)

(/usr/share/texlive/texmf-dist/tex/generic/bigintcalc/bigintcalc.sty
Package: bigintcalc 2019/12/15 v1.5 Expandable calculations on big integers (HO
)
))
\Fld@menulength=\count342
\Field@Width=\dimen288
\Fld@charsize=\dimen289
Package hyperref Info: Hyper figures OFF on input line 6078.
Package hyperref Info: Link nesting OFF on input line 6083.
Package hyperref Info: Hyper index ON on input line 6086.
Package hyperref Info: backreferencing OFF on input line 6093.
Package hyperref Info: Link coloring OFF on input line 6098.
Package hyperref Info: Link coloring with OCG OFF on input line 6103.
Package hyperref Info: PDF/A mode OFF on input line 6108.
\Hy@abspage=\count343
\c@Item=\count344
\c@Hfootnote=\count345
)
Package hyperref Info: Driver (autodetected): hpdftex.

(/usr/share/texlive/texmf-dist/tex/latex/hyperref/hpdftex.def
File: hpdftex.def 2025-07-12 v7.01o Hyperref driver for pdfTeX
\Fld@listcount=\count346
\c@bookmark@seq@number=\count347

(/usr/share/texlive/texmf-dist/tex/latex/rerunfilecheck/rerunfilecheck.sty
Package: rerunfilecheck 2025-06-21 v1.11 Rerun checks for auxiliary files (HO)

(/usr/share/texlive/texmf-dist/tex/generic/uniquecounter/uniquecounter.sty
Package: uniquecounter 2019/12/15 v1.4 Provide unlimited unique counter (HO)
)
Package uniquecounter Info: New unique counter `rerunfilecheck' on input line 2
84.
)
\Hy@SectionHShift=\skip117
)
LaTeX Font Info:    Trying to load font information for OT1+ptm on input line 1
44.

(/usr/share/texlive/texmf-dist/tex/latex/psnfss/ot1ptm.fd
File: ot1ptm.fd 2001/06/04 font definitions for OT1/ptm.
)
(/usr/share/texlive/texmf-dist/tex/latex/l3backend/l3backend-pdftex.def
File: l3backend-pdftex.def 2025-10-09 L3 backend support: PDF output (pdfTeX)
\l__color_backend_stack_int=\count348
)
(./report.aux)
\openout1 = `report.aux'.

LaTeX Font Info:    Checking defaults for OML/cmm/m/it on input line 144.
LaTeX Font Info:    ... okay on input line 144.
LaTeX Font Info:    Checking defaults for OMS/cmsy/m/n on input line 144.
LaTeX Font Info:    ... okay on input line 144.
LaTeX Font Info:    Checking defaults for OT1/cmr/m/n on input line 144.
LaTeX Font Info:    ... okay on input line 144.
LaTeX Font Info:    Checking defaults for T1/cmr/m/n on input line 144.
LaTeX Font Info:    ... okay on input line 144.
LaTeX Font Info:    Checking defaults for TS1/cmr/m/n on input line 144.
LaTeX Font Info:    ... okay on input line 144.
LaTeX Font Info:    Checking defaults for OMX/cmex/m/n on input line 144.
LaTeX Font Info:    ... okay on input line 144.
LaTeX Font Info:    Checking defaults for U/cmr/m/n on input line 144.
LaTeX Font Info:    ... okay on input line 144.
LaTeX Font Info:    Checking defaults for PD1/pdf/m/n on input line 144.
LaTeX Font Info:    ... okay on input line 144.
LaTeX Font Info:    Checking defaults for PU/pdf/m/n on input line 144.
LaTeX Font Info:    ... okay on input line 144.

*geometry* driver: auto-detecting
*geometry* detected driver: pdftex
*geometry* verbose mode - [ preamble ] result:
* driver: pdftex
* paper: a4paper
* layout: <same size as paper>
* layoutoffset:(h,v)=(0.0pt,0.0pt)
* modes: 
* h-part:(L,W,R)=(72.2698pt, 452.96826pt, 72.2698pt)
* v-part:(T,H,B)=(72.2698pt, 700.50723pt, 72.2698pt)
* \paperwidth=597.50787pt
* \paperheight=845.04684pt
* \textwidth=452.96826pt
* \textheight=700.50723pt
* \oddsidemargin=-0.00018pt
* \evensidemargin=-0.00018pt
* \topmargin=-37.00018pt
* \headheight=12.0pt
* \headsep=25.0pt
* \topskip=12.0pt
* \footskip=30.0pt
* \marginparwidth=35.0pt
* \marginparsep=10.0pt
* \columnsep=10.0pt
* \skip\footins=10.8pt plus 4.0pt minus 2.0pt
* \hoffset=0.0pt
* \voffset=0.0pt
* \mag=1000
* \@twocolumnfalse
* \@twosidefalse
* \@mparswitchfalse
* \@reversemarginfalse
* (1in=72.27pt=25.4mm, 1cm=28.453pt)

(/usr/share/texlive/texmf-dist/tex/context/base/mkii/supp-pdf.mkii
[Loading MPS to PDF converter (version 2006.09.02).]
\scratchcounter=\count349
\scratchdimen=\dimen290
\scratchbox=\box73
\nofMPsegments=\count350
\nofMParguments=\count351
\everyMPshowfont=\toks41
\MPscratchCnt=\count352
\MPscratchDim=\dimen291
\MPnumerator=\count353
\makeMPintoPDFobject=\count354
\everyMPtoPDFconversion=\toks42
) (/usr/share/texlive/texmf-dist/tex/latex/epstopdf-pkg/epstopdf-base.sty
Package: epstopdf-base 2020-01-24 v2.11 Base part for package epstopdf
Package epstopdf-base Info: Redefining graphics rule for `.eps' on input line 4
85.

(/usr/share/texlive/texmf-dist/tex/latex/latexconfig/epstopdf-sys.cfg
File: epstopdf-sys.cfg 2010/07/13 v1.3 Configuration of (r)epstopdf for TeX Liv
e
))
Package caption Info: Begin \AtBeginDocument code.
Package caption Info: float package is loaded.
Package caption Info: hyperref package is loaded.
Package caption Info: listings package is loaded.
Package caption Info: End \AtBeginDocument code.
Package microtype Info: Patching varwidth to enable character protrusion.
\MT@vwid@leftmargin=\dimen292
\MT@vwid@rightmargin=\dimen293
LaTeX Info: Redefining \microtypecontext on input line 144.
Package microtype Info: Applying patch `item' on input line 144.
Package microtype Info: Applying patch `toc' on input line 144.
Package microtype Info: Applying patch `eqnum' on input line 144.
Package microtype Info: Applying patch `footnote' on input line 144.
Package microtype Info: Applying patch `verbatim' on input line 144.
LaTeX Info: Redefining \microtypesetup on input line 144.
Package microtype Info: Generating PDF output.
Package microtype Info: Character protrusion enabled (level 2).
Package microtype Info: Using default protrusion set `alltext'.
Package microtype Info: Automatic font expansion enabled (level 2),
(microtype)             stretch: 20, shrink: 20, step: 1, non-selected.
Package microtype Info: Using default expansion set `alltext-nott'.
Package microtype Info: Patching command `\showhyphens'.
Package microtype Info: No adjustment of tracking.
Package microtype Info: No adjustment of interword spacing.
Package microtype Info: No adjustment of character kerning.

(/usr/share/texlive/texmf-dist/tex/latex/microtype/mt-ptm.cfg
File: mt-ptm.cfg 2006/04/20 v1.7 microtype config. file: Times (RS)
)
\c@lstlisting=\count355

(/usr/share/texlive/texmf-dist/tex/latex/pdflscape/pdflscape.sty
Package: pdflscape 2025-06-23 v0.14 Display of landscape pages in PDF

(/usr/share/texlive/texmf-dist/tex/latex/pdflscape/pdflscape-nometadata.sty
Package: pdflscape-nometadata 2025-06-23 v0.14 Display of landscape pages in PD
F (HO)

(/usr/share/texlive/texmf-dist/tex/latex/graphics/lscape.sty
Package: lscape 2020/05/28 v3.02 Landscape Pages (DPC)
)
Package pdflscape Info: Auto-detected driver: pdftex on input line 81.
))
Package hyperref Info: Link coloring OFF on input line 144.
 (./report.out)
(./report.out)
\@outlinefile=\write3
\openout3 = `report.out'.

<logo_small1.jpeg, id=339, 60.85895pt x 64.66263pt>
File: logo_small1.jpeg Graphic file (type jpg)
<use logo_small1.jpeg>
Package pdftex.def Info: logo_small1.jpeg  used on input line 154.
(pdftex.def)             Requested size: 77.00377pt x 81.82559pt.
 (/usr/share/texlive/texmf-dist/tex/latex/microtype/mt-cmr.cfg
File: mt-cmr.cfg 2013/05/19 v2.2 microtype config. file: Computer Modern Roman 
(RS)
)
<logo_small2.jpeg, id=340, 73.02281pt x 44.41594pt>
File: logo_small2.jpeg Graphic file (type jpg)
<use logo_small2.jpeg>
Package pdftex.def Info: logo_small2.jpeg  used on input line 163.
(pdftex.def)             Requested size: 77.00377pt x 46.84142pt.

[1

{/var/lib/texmf/fonts/map/pdftex/updmap/pdftex.map}{/usr/share/texlive/texmf-di
st/fonts/enc/dvips/base/8r.enc} <./logo_small1.jpeg> <./logo_small2.jpeg>]
pdfTeX warning (ext4): destination with the same identifier (name{page.i}) has 
been already used, duplicate ignored
<to be read again> 
                   \relax 
l.217 \uchapter{Acknowledgement}
                                 [1

]
<FINAL REPORT 1.0 1.pdf, id=351, 614.295pt x 794.97pt>
File: FINAL REPORT 1.0 1.pdf Graphic file (type pdf)
<use FINAL REPORT 1.0 1.pdf>
Package pdftex.def Info: FINAL REPORT 1.0 1.pdf  used on input line 270.
(pdftex.def)             Requested size: 614.29349pt x 794.96806pt.
<FINAL REPORT 1.0 1.pdf, id=353, page=4, 597.53635pt x 845.04686pt>
File: FINAL REPORT 1.0 1.pdf Graphic file (type pdf)
<use FINAL REPORT 1.0 1.pdf, page 4>
Package pdftex.def Info: FINAL REPORT 1.0 1.pdf , page4 used on input line 270.

(pdftex.def)             Requested size: 597.53488pt x 845.0448pt.
File: FINAL REPORT 1.0 1.pdf Graphic file (type pdf)
<use FINAL REPORT 1.0 1.pdf, page 4>
Package pdftex.def Info: FINAL REPORT 1.0 1.pdf , page4 used on input line 270.

(pdftex.def)             Requested size: 597.56223pt x 845.08348pt.
 [2

]
File: FINAL REPORT 1.0 1.pdf Graphic file (type pdf)
<use FINAL REPORT 1.0 1.pdf, page 4>
Package pdftex.def Info: FINAL REPORT 1.0 1.pdf , page4 used on input line 270.

(pdftex.def)             Requested size: 597.56223pt x 845.08348pt.
File: FINAL REPORT 1.0 1.pdf Graphic file (type pdf)
<use FINAL REPORT 1.0 1.pdf, page 4>
Package pdftex.def Info: FINAL REPORT 1.0 1.pdf , page4 used on input line 270.

(pdftex.def)             Requested size: 597.56223pt x 845.08348pt.
File: FINAL REPORT 1.0 1.pdf Graphic file (type pdf)
<use FINAL REPORT 1.0 1.pdf, page 4>
Package pdftex.def Info: FINAL REPORT 1.0 1.pdf , page4 used on input line 270.

(pdftex.def)             Requested size: 597.56223pt x 845.08348pt.
 [3

 <./FINAL REPORT 1.0 1.pdf>]
<FINAL REPORT 1.0 1.pdf, id=405, page=5, 597.53635pt x 845.04686pt>
File: FINAL REPORT 1.0 1.pdf Graphic file (type pdf)
<use FINAL REPORT 1.0 1.pdf, page 5>
Package pdftex.def Info: FINAL REPORT 1.0 1.pdf , page5 used on input line 270.

(pdftex.def)             Requested size: 597.56223pt x 845.08348pt.
File: FINAL REPORT 1.0 1.pdf Graphic file (type pdf)
<use FINAL REPORT 1.0 1.pdf, page 5>
Package pdftex.def Info: FINAL REPORT 1.0 1.pdf , page5 used on input line 270.

(pdftex.def)             Requested size: 597.56223pt x 845.08348pt.
File: FINAL REPORT 1.0 1.pdf Graphic file (type pdf)
<use FINAL REPORT 1.0 1.pdf, page 5>
Package pdftex.def Info: FINAL REPORT 1.0 1.pdf , page5 used on input line 270.

(pdftex.def)             Requested size: 597.56223pt x 845.08348pt.

[4

 <./FINAL REPORT 1.0 1.pdf>]
<FINAL REPORT 1.0 1.pdf, id=411, page=6, 597.53635pt x 845.04686pt>
File: FINAL REPORT 1.0 1.pdf Graphic file (type pdf)
<use FINAL REPORT 1.0 1.pdf, page 6>
Package pdftex.def Info: FINAL REPORT 1.0 1.pdf , page6 used on input line 270.

(pdftex.def)             Requested size: 597.56223pt x 845.08348pt.
File: FINAL REPORT 1.0 1.pdf Graphic file (type pdf)
<use FINAL REPORT 1.0 1.pdf, page 6>
Package pdftex.def Info: FINAL REPORT 1.0 1.pdf , page6 used on input line 270.

(pdftex.def)             Requested size: 597.56223pt x 845.08348pt.
File: FINAL REPORT 1.0 1.pdf Graphic file (type pdf)
<use FINAL REPORT 1.0 1.pdf, page 6>
Package pdftex.def Info: FINAL REPORT 1.0 1.pdf , page6 used on input line 270.

(pdftex.def)             Requested size: 597.56223pt x 845.08348pt.
 [5

 <./FINAL REPORT 1.0 1.pdf>]
LaTeX Font Info:    Trying to load font information for OT1+pcr on input line 2
86.

(/usr/share/texlive/texmf-dist/tex/latex/psnfss/ot1pcr.fd
File: ot1pcr.fd 2001/06/04 font definitions for OT1/pcr.
) [6

]
<tamil_abstract.pdf, id=422, 597.50786pt x 845.04686pt>
File: tamil_abstract.pdf Graphic file (type pdf)
<use tamil_abstract.pdf>
Package pdftex.def Info: tamil_abstract.pdf  used on input line 318.
(pdftex.def)             Requested size: 597.5064pt x 845.0448pt.
<tamil_abstract.pdf, id=424, page=1, 597.50786pt x 845.04686pt>
File: tamil_abstract.pdf Graphic file (type pdf)
<use tamil_abstract.pdf, page 1>
Package pdftex.def Info: tamil_abstract.pdf , page1 used on input line 318.
(pdftex.def)             Requested size: 597.5064pt x 845.0448pt.
File: tamil_abstract.pdf Graphic file (type pdf)
<use tamil_abstract.pdf, page 1>
Package pdftex.def Info: tamil_abstract.pdf , page1 used on input line 318.
(pdftex.def)             Requested size: 597.53374pt x 845.08348pt.
File: tamil_abstract.pdf Graphic file (type pdf)
<use tamil_abstract.pdf, page 1>
Package pdftex.def Info: tamil_abstract.pdf , page1 used on input line 318.
(pdftex.def)             Requested size: 597.53374pt x 845.08348pt.
File: tamil_abstract.pdf Graphic file (type pdf)
<use tamil_abstract.pdf, page 1>
Package pdftex.def Info: tamil_abstract.pdf , page1 used on input line 318.
(pdftex.def)             Requested size: 597.53374pt x 845.08348pt.
File: tamil_abstract.pdf Graphic file (type pdf)
<use tamil_abstract.pdf, page 1>
Package pdftex.def Info: tamil_abstract.pdf , page1 used on input line 318.
(pdftex.def)             Requested size: 597.53374pt x 845.08348pt.
 [7


 <./tamil_abstract.pdf>] (./report.toc [8

] [9])
\tf@toc=\write4
\openout4 = `report.toc'.

 [10] [11

]
Chapter 1.
<figures/fig1_1_build_pipeline.png, id=546, 2518.40875pt x 644.4075pt>
File: figures/fig1_1_build_pipeline.png Graphic file (type png)
<use figures/fig1_1_build_pipeline.png>
Package pdftex.def Info: figures/fig1_1_build_pipeline.png  used on input line 
408.
(pdftex.def)             Requested size: 416.72997pt x 106.62746pt.
[1


]
<figures/fig1_2_runtime_arch.png, id=552, 3952.7675pt x 1002.74625pt>
File: figures/fig1_2_runtime_arch.png Graphic file (type png)
<use figures/fig1_2_runtime_arch.png>
Package pdftex.def Info: figures/fig1_2_runtime_arch.png  used on input line 41
5.
(pdftex.def)             Requested size: 416.72997pt x 105.71222pt.
 [2 <./figures/fig1_1_build_pipeline.png (PNG copy)> <./figures/fig1_2_runtime_
arch.png (PNG copy)>] [3]
LaTeX Font Info:    Trying to load font information for TS1+ptm on input line 4
91.

(/usr/share/texlive/texmf-dist/tex/latex/psnfss/ts1ptm.fd
File: ts1ptm.fd 2001/06/04 font definitions for TS1/ptm.
) [4] [5]
Chapter 2.
[6

]

Package hyperref Warning: Token not allowed in a PDF string (Unicode):
(hyperref)                removing `\leavevmode@ifvmode' on input line 608.


Package hyperref Warning: Token not allowed in a PDF string (Unicode):
(hyperref)                \kern 2.00043pt
(hyperref)                removed on input line 608.

[7] [8] [9]
Chapter 3.
[10

] [11] [12] [13] [14]
Chapter 4.
[15

] [16] [17]
Chapter 5.
[18

] [19] [20] [21] [22]
Chapter 6.
<figures/fig6_1_system_arch.png, id=717, 3952.7675pt x 1660.2025pt>
File: figures/fig6_1_system_arch.png Graphic file (type png)
<use figures/fig6_1_system_arch.png>
Package pdftex.def Info: figures/fig6_1_system_arch.png  used on input line 117
5.
(pdftex.def)             Requested size: 416.72997pt x 175.02306pt.
<figures/fig6_2_cgm2plan_format.png, id=718, 3952.7675pt x 1514.65875pt>
File: figures/fig6_2_cgm2plan_format.png Graphic file (type png)
<use figures/fig6_2_cgm2plan_format.png>
Package pdftex.def Info: figures/fig6_2_cgm2plan_format.png  used on input line
 1184.
(pdftex.def)             Requested size: 398.61427pt x 152.72278pt.
[23

 <./figures/fig6_1_system_arch.png (PNG copy)>]
<figures/fig6_3_dfd_level0.png, id=725, 1844.8925pt x 1171.37625pt>
File: figures/fig6_3_dfd_level0.png Graphic file (type png)
<use figures/fig6_3_dfd_level0.png>
Package pdftex.def Info: figures/fig6_3_dfd_level0.png  used on input line 1203
.
(pdftex.def)             Requested size: 398.61427pt x 253.09215pt.
 [24 <./figures/fig6_2_cgm2plan_format.png (PNG copy)>]
<figures/fig6_4_dfd_level1.png, id=733, 1766.6pt x 749.80125pt>
File: figures/fig6_4_dfd_level1.png Graphic file (type png)
<use figures/fig6_4_dfd_level1.png>
Package pdftex.def Info: figures/fig6_4_dfd_level1.png  used on input line 1212
.
(pdftex.def)             Requested size: 398.61427pt x 169.17853pt.

(/usr/share/texlive/texmf-dist/tex/latex/psnfss/ts1pcr.fd) [25 <./figures/fig6_
3_dfd_level0.png (PNG copy)> <./figures/fig6_4_dfd_level1.png (PNG copy)>]
<figures/fig6_5_usecase_build.png, id=741, 2186.1675pt x 703.62875pt>
File: figures/fig6_5_usecase_build.png Graphic file (type png)
<use figures/fig6_5_usecase_build.png>
Package pdftex.def Info: figures/fig6_5_usecase_build.png  used on input line 1
240.
(pdftex.def)             Requested size: 385.02577pt x 123.92064pt.
<figures/fig6_6_usecase_runtime.png, id=742, 2182.1525pt x 703.62875pt>
File: figures/fig6_6_usecase_runtime.png Graphic file (type png)
<use figures/fig6_6_usecase_runtime.png>
Package pdftex.def Info: figures/fig6_6_usecase_runtime.png  used on input line
 1247.
(pdftex.def)             Requested size: 385.02577pt x 124.1461pt.

[26 <./figures/fig6_5_usecase_build.png (PNG copy)> <./figures/fig6_6_usecase_r
untime.png (PNG copy)>] [27] [28]
<figures/fig6_7_class_planner.png, id=761, 2346.7675pt x 1147.28625pt>
File: figures/fig6_7_class_planner.png Graphic file (type png)
<use figures/fig6_7_class_planner.png>
Package pdftex.def Info: figures/fig6_7_class_planner.png  used on input line 1
303.
(pdftex.def)             Requested size: 385.02577pt x 188.22618pt.
<figures/fig6_8_class_supervisor.png, id=762, 2304.61pt x 994.71625pt>
File: figures/fig6_8_class_supervisor.png Graphic file (type png)
<use figures/fig6_8_class_supervisor.png>
Package pdftex.def Info: figures/fig6_8_class_supervisor.png  used on input lin
e 1310.
(pdftex.def)             Requested size: 385.02577pt x 166.18532pt.
<figures/fig6_9_seq_build.png, id=763, 2186.1675pt x 1522.68875pt>
File: figures/fig6_9_seq_build.png Graphic file (type png)
<use figures/fig6_9_seq_build.png>
Package pdftex.def Info: figures/fig6_9_seq_build.png  used on input line 1328.

(pdftex.def)             Requested size: 385.02577pt x 268.17062pt.
 [29

 <./figures/fig6_7_class_planner.png (PNG copy)> <./figures/fig6_8_class_superv
isor.png (PNG copy)>]
<figures/fig6_10_seq_start.png, id=770, 2587.6675pt x 1611.01875pt>
File: figures/fig6_10_seq_start.png Graphic file (type png)
<use figures/fig6_10_seq_start.png>
Package pdftex.def Info: figures/fig6_10_seq_start.png  used on input line 1335
.
(pdftex.def)             Requested size: 385.02577pt x 239.7004pt.
 [30 <./figures/fig6_9_seq_build.png (PNG copy)> <./figures/fig6_10_seq_start.p
ng (PNG copy)>]
<figures/fig6_11_component.png, id=777, 3968.8275pt x 905.3825pt>
File: figures/fig6_11_component.png Graphic file (type png)
<use figures/fig6_11_component.png>
Package pdftex.def Info: figures/fig6_11_component.png  used on input line 1356
.
(pdftex.def)             Requested size: 398.61427pt x 90.93037pt.

[31

 <./figures/fig6_11_component.png (PNG copy)>] [32] [33]
Chapter 7.
<figures/fig7_1_dep_graph.png, id=795, 2317.65875pt x 1546.77875pt>
File: figures/fig7_1_dep_graph.png Graphic file (type png)
<use figures/fig7_1_dep_graph.png>
Package pdftex.def Info: figures/fig7_1_dep_graph.png  used on input line 1469.

(pdftex.def)             Requested size: 385.02577pt x 256.95403pt.
[34

]
<figures/fig7_2_topo_sort.png, id=800, 2390.9325pt x 1219.55624pt>
File: figures/fig7_2_topo_sort.png Graphic file (type png)
<use figures/fig7_2_topo_sort.png>
Package pdftex.def Info: figures/fig7_2_topo_sort.png  used on input line 1476.

(pdftex.def)             Requested size: 385.02577pt x 196.37978pt.
 [35 <./figures/fig7_1_dep_graph.png (PNG copy)> <./figures/fig7_2_topo_sort.pn
g (PNG copy)>]
<figures/fig7_3_executor_loop.png, id=807, 1664.2175pt x 2189.17876pt>
File: figures/fig7_3_executor_loop.png Graphic file (type png)
<use figures/fig7_3_executor_loop.png>
Package pdftex.def Info: figures/fig7_3_executor_loop.png  used on input line 1
502.
(pdftex.def)             Requested size: 292.89302pt x 385.2833pt.
<figures/fig7_4_path_guard.png, id=808, 3366.5775pt x 1743.51375pt>
File: figures/fig7_4_path_guard.png Graphic file (type png)
<use figures/fig7_4_path_guard.png>
Package pdftex.def Info: figures/fig7_4_path_guard.png  used on input line 1509
.
(pdftex.def)             Requested size: 385.02577pt x 199.3958pt.
 [36 <./figures/fig7_3_executor_loop.png (PNG copy)>]
<figures/fig7_5_sigchld.png, id=814, 3768.0775pt x 937.5025pt>
File: figures/fig7_5_sigchld.png Graphic file (type png)
<use figures/fig7_5_sigchld.png>
Package pdftex.def Info: figures/fig7_5_sigchld.png  used on input line 1536.
(pdftex.def)             Requested size: 385.02577pt x 95.78706pt.

[37 <./figures/fig7_4_path_guard.png (PNG copy)>]
<figures/fig7_6_state_machine.png, id=821, 2306.6175pt x 1623.06375pt>
File: figures/fig7_6_state_machine.png Graphic file (type png)
<use figures/fig7_6_state_machine.png>
Package pdftex.def Info: figures/fig7_6_state_machine.png  used on input line 1
543.
(pdftex.def)             Requested size: 385.02577pt x 270.91447pt.
<figures/fig7_7_ctl_protocol.png, id=822, 3567.3275pt x 833.1125pt>
File: figures/fig7_7_ctl_protocol.png Graphic file (type png)
<use figures/fig7_7_ctl_protocol.png>
Package pdftex.def Info: figures/fig7_7_ctl_protocol.png  used on input line 15
62.
(pdftex.def)             Requested size: 326.1377pt x 76.15912pt.
 [38 <./figures/fig7_5_sigchld.png (PNG copy)> <./figures/fig7_6_state_machine.
png (PNG copy)>]
<figures/fig7_8_messenger.png, id=829, 3768.0775pt x 835.12pt>
File: figures/fig7_8_messenger.png Graphic file (type png)
<use figures/fig7_8_messenger.png>
Package pdftex.def Info: figures/fig7_8_messenger.png  used on input line 1582.

(pdftex.def)             Requested size: 326.1377pt x 72.27766pt.
<figures/fig7_9_rootfs_layout.png, id=830, 3567.3275pt x 1402.23875pt>
File: figures/fig7_9_rootfs_layout.png Graphic file (type png)
<use figures/fig7_9_rootfs_layout.png>
Package pdftex.def Info: figures/fig7_9_rootfs_layout.png  used on input line 1
604.
(pdftex.def)             Requested size: 326.1377pt x 128.1859pt.
 [39 <./figures/fig7_7_ctl_protocol.png (PNG copy)> <./figures/fig7_8_messenger
.png (PNG copy)>] [40 <./figures/fig7_9_rootfs_layout.png (PNG copy)>]
Chapter 8.
<figures/fig8_1_boot_sequence.png, id=843, 3968.8275pt x 1084.05pt>
File: figures/fig8_1_boot_sequence.png Graphic file (type png)
<use figures/fig8_1_boot_sequence.png>
Package pdftex.def Info: figures/fig8_1_boot_sequence.png  used on input line 1
662.
(pdftex.def)             Requested size: 398.61427pt x 108.8745pt.
[41

 <./figures/fig8_1_boot_sequence.png (PNG copy)>]
Package hyperref Info: bookmark level for unknown lstlisting defaults to 0 on i
nput line 1706.
 [42

] [43]
(/usr/share/texlive/texmf-dist/tex/latex/listings/lstlang1.sty
File: lstlang1.sty 2025/11/14 1.11b listings language file
)
(/usr/share/texlive/texmf-dist/tex/latex/listings/lstmisc.sty
File: lstmisc.sty 2025/11/14 1.11b (Carsten Heinz)
)
LaTeX Font Info:    Trying to load font information for OMS+ptm on input line 1
752.

(/usr/share/texlive/texmf-dist/tex/latex/psnfss/omsptm.fd
File: omsptm.fd 
)
LaTeX Font Info:    Font shape `OMS/ptm/m/n' in size <10.95> not available
(Font)              Font shape `OMS/cmsy/m/n' tried instead on input line 1752.

LaTeX Font Info:    Font shape `OT1/pcr/m/it' in size <10.95> not available
(Font)              Font shape `OT1/pcr/m/sl' tried instead on input line 1759.

 [44

] [45

] [46

]
[47

] [48]
Chapter 9.
[49

] [50] [51] [52] [53]
Chapter 10.
[54

] [55] [56] [57]
Chapter 11.
[58

] [59] [60] [61]
Appendix A.
[62

] [63] [64] [65

] [66

]
Appendix B.
<figures/extra_dwm_ui.png, id=1241, 3854.4pt x 2168.1pt>
File: figures/extra_dwm_ui.png Graphic file (type png)
<use figures/extra_dwm_ui.png>
Package pdftex.def Info: figures/extra_dwm_ui.png  used on input line 2500.
(pdftex.def)             Requested size: 416.72997pt x 234.38951pt.
<figures/extra_terminal.png, id=1242, 2409.0pt x 2810.5pt>
File: figures/extra_terminal.png Graphic file (type png)
<use figures/extra_terminal.png>
Package pdftex.def Info: figures/extra_terminal.png  used on input line 2507.
(pdftex.def)             Requested size: 416.72997pt x 486.1841pt.
[67

 <./figures/extra_dwm_ui.png (PNG copy)>] [68 <./figures/extra_terminal.png (PN
G copy)>]
<../intership/Sridharan.png, id=1254, 2489.3pt x 3521.155pt>
File: ../intership/Sridharan.png Graphic file (type png)
<use ../intership/Sridharan.png>
Package pdftex.def Info: ../intership/Sridharan.png  used on input line 2525.
(pdftex.def)             Requested size: 406.08278pt x 574.41064pt.
 [69

 <../intership/Sridharan.png>]
<../intership/ShanmugaSrilan.png, id=1262, 2489.3pt x 3521.155pt>
File: ../intership/ShanmugaSrilan.png Graphic file (type png)
<use ../intership/ShanmugaSrilan.png>
Package pdftex.def Info: ../intership/ShanmugaSrilan.png  used on input line 25
33.
(pdftex.def)             Requested size: 452.95456pt x 640.71153pt.
 [70

 <../intership/ShanmugaSrilan.png>]
<../intership/Praveenraj.png, id=1269, 2489.3pt x 3521.155pt>
File: ../intership/Praveenraj.png Graphic file (type png)
<use ../intership/Praveenraj.png>
Package pdftex.def Info: ../intership/Praveenraj.png  used on input line 2541.
(pdftex.def)             Requested size: 452.95456pt x 640.71153pt.
 [71

 <../intership/Praveenraj.png>]
<../intership/Mugilan.png, id=1276, 2489.3pt x 3521.155pt>
File: ../intership/Mugilan.png Graphic file (type png)
<use ../intership/Mugilan.png>
Package pdftex.def Info: ../intership/Mugilan.png  used on input line 2549.
(pdftex.def)             Requested size: 452.95456pt x 640.71153pt.
 [72

 <../intership/Mugilan.png>]
[73


] [74] [75

]
Overfull \hbox (1.35017pt too wide) in paragraph at lines 2726--2734
[]
 []

[76

] (./report.aux)
 ***********
LaTeX2e <2025-11-01>
L3 programming layer <2026-01-19>
 ***********
Package rerunfilecheck Info: File `report.out' has not changed.
(rerunfilecheck)             Checksum: 8B528DE1A22901A540F7E38BCBABA4F3;15213.
 ) 
Here is how much of TeX's memory you used:
 20839 strings out of 469515
 331671 string characters out of 5470087
 1158727 words of memory out of 5000000
 48284 multiletter control sequences out of 15000+600000
 672627 words of font info for 331 fonts, out of 8000000 for 9000
 15 hyphenation exceptions out of 8191
 75i,17n,100p,1003b,2036s stack positions out of 10000i,1000n,20000p,200000b,200000s
</usr/share/texlive/texmf-dist/fonts/type1/public/amsfonts/cm/cmmi10.pfb></us
r/share/texlive/texmf-dist/fonts/type1/public/amsfonts/cm/cmmi12.pfb></usr/shar
e/texlive/texmf-dist/fonts/type1/public/amsfonts/cm/cmr10.pfb></usr/share/texli
ve/texmf-dist/fonts/type1/public/amsfonts/cm/cmr12.pfb></usr/share/texlive/texm
f-dist/fonts/type1/public/amsfonts/cm/cmsy10.pfb></usr/share/texlive/texmf-dist
/fonts/type1/urw/courier/ucrb8a.pfb></usr/share/texlive/texmf-dist/fonts/type1/
urw/courier/ucrr8a.pfb></usr/share/texlive/texmf-dist/fonts/type1/urw/courier/u
crro8a.pfb></usr/share/texlive/texmf-dist/fonts/type1/urw/times/utmb8a.pfb></us
r/share/texlive/texmf-dist/fonts/type1/urw/times/utmr8a.pfb></usr/share/texlive
/texmf-dist/fonts/type1/urw/times/utmri8a.pfb>
Output written on report.pdf (88 pages, 9872658 bytes).
PDF statistics:
 1502 PDF objects out of 1728 (max. 8388607)
 1303 compressed objects within 14 object streams
 543 named destinations out of 1000 (max. 500000)
 67428 words of extra memory for PDF output out of 74296 (max. 10000000)

